col0	col1	col2	col3	col4
123	If you can't fly, then run. If you can't run, then walk. If you can't walk, then crawl. But whatever you do, you have to keep moving forward.	0	0	0
"45"""	Freedom is not worth having if it does not include freedom to make mistakes.	0	0	0
