2	Tom	Hummel	LosAngeles	906779	El Segundo	99999
6	Mark	McKelvy	El Segundo	99999	El Segundo	99999
