id	first name	last name
1	Jordan	Halterman
2	Tom	null
3	Harrison	Cavallero
4	null	Ahmed
5	Tristan	Reid
6	Mark	McKelvy
