col0	col1	col2	col3	col4
1	Jordan	Halterman	sandiego	90777
2	Tom	Hummel	LosAngeles	906779
4	Badar	Ahmed	Santa Monica	9999
5	Tristan	Reid	San Fernando	9999
6	Mark	McKelvy	El Segundo	99999
