id	last name	first name
1	Halterman	Jordan
2	Hummel	Tom
3	Cavallero	Harrison
4	Ahmed	Badar
5	Reid	Tristan
6	McKelvy	Mark
